.\android\gradlew.bat : 
En línea: 1 Carácter: 1
+ .\android\gradlew.bat app:assembleDebug > 
build_output.txt 2>&1
+ ~~~~~~~~~~~~~~~~~~~~~~~~~~~~~~~~~~~~~~~~~~~~~~~~~
~~~~~~~~~~~~~~
    + CategoryInfo          : NotSpecified: (:Stri 
   ng) [], RemoteException
    + FullyQualifiedErrorId : NativeCommandError
 
FAILURE: Build failed with an exception.

* What went wrong:
Directory 'A:\subscription\subscriptions\frontend' 
does not contain a Gradle build.

A Gradle build's root directory should contain one 
of the possible settings files: settings.gradle, 
settings.gradle.kts, settings.gradle.dcl.It may 
also contain one of the possible build files: 
build.gradle, build.gradle.kts, build.gradle.dcl.

To create a new Gradle build in this directory run 
'gradlew init'

For more information about the 'init' task, please 
refer to https://docs.gradle.org/8.10.2/userguide/b
uild_init_plugin.html in the Gradle documentation.

For more details on creating a Gradle build, 
please refer to https://docs.gradle.org/8.10.2/user
guide/tutorial_using_tasks.html in the Gradle 
documentation.

* Try:
> Run gradlew init to create a new Gradle build in 
this directory.
> Run with --stacktrace option to get the stack 
trace.
> Run with --info or --debug option to get more 
log output.
> Get more help at https://help.gradle.org.

BUILD FAILED in 1s
